<?xml version="1.0" encoding="UTF-8"?>
<testsuites>
  <testsuite name="" tests="8" assertions="8" errors="1" warnings="0" failures="0" skipped="0" time="0.166607">
    <testsuite name="Exam" tests="8" assertions="8" errors="1" warnings="0" failures="0" skipped="0" time="0.166607">
      <testsuite name="Tests\Exam\b_ModelTest" file="/home/paulo/testes/d42eda76-a246-4461-9a2e-3c8efcee2d70/tests/Exam/b_ModelTest.php" tests="8" assertions="8" errors="1" warnings="0" failures="0" skipped="0" time="0.166607">
        <testcase name="create_a_model" class="Tests\Exam\b_ModelTest" classname="Tests.Exam.b_ModelTest" file="/home/paulo/testes/d42eda76-a246-4461-9a2e-3c8efcee2d70/tests/Exam/b_ModelTest.php" line="37" assertions="1" time="0.083511"/>
        <testcase name="relationship_with_the_user" class="Tests\Exam\b_ModelTest" classname="Tests.Exam.b_ModelTest" file="/home/paulo/testes/d42eda76-a246-4461-9a2e-3c8efcee2d70/tests/Exam/b_ModelTest.php" line="47" assertions="2" time="0.013555"/>
        <testcase name="create_factories" class="Tests\Exam\b_ModelTest" classname="Tests.Exam.b_ModelTest" file="/home/paulo/testes/d42eda76-a246-4461-9a2e-3c8efcee2d70/tests/Exam/b_ModelTest.php" line="65" assertions="1" time="0.017687"/>
        <testcase name="implement_query_scope" class="Tests\Exam\b_ModelTest" classname="Tests.Exam.b_ModelTest" file="/home/paulo/testes/d42eda76-a246-4461-9a2e-3c8efcee2d70/tests/Exam/b_ModelTest.php" line="78" assertions="1" time="0.010943"/>
        <testcase name="use_get_mutator" class="Tests\Exam\b_ModelTest" classname="Tests.Exam.b_ModelTest" file="/home/paulo/testes/d42eda76-a246-4461-9a2e-3c8efcee2d70/tests/Exam/b_ModelTest.php" line="101" assertions="1" time="0.009280"/>
        <testcase name="use_set_mutator" class="Tests\Exam\b_ModelTest" classname="Tests.Exam.b_ModelTest" file="/home/paulo/testes/d42eda76-a246-4461-9a2e-3c8efcee2d70/tests/Exam/b_ModelTest.php" line="116" assertions="1" time="0.011491"/>
        <testcase name="date_should_be_a_carbon_instance" class="Tests\Exam\b_ModelTest" classname="Tests.Exam.b_ModelTest" file="/home/paulo/testes/d42eda76-a246-4461-9a2e-3c8efcee2d70/tests/Exam/b_ModelTest.php" line="131" assertions="1" time="0.008200"/>
        <testcase name="the_user_should_be_notified_after_a_password_change" class="Tests\Exam\b_ModelTest" classname="Tests.Exam.b_ModelTest" file="/home/paulo/testes/d42eda76-a246-4461-9a2e-3c8efcee2d70/tests/Exam/b_ModelTest.php" line="146" assertions="0" time="0.011941">
          <error type="ErrorException">Tests\Exam\b_ModelTest::the_user_should_be_notified_after_a_password_change
ErrorException: Attempt to read property "id" on string

/home/paulo/testes/d42eda76-a246-4461-9a2e-3c8efcee2d70/vendor/laravel/framework/src/Illuminate/Foundation/Bootstrap/HandleExceptions.php:257
/home/paulo/testes/d42eda76-a246-4461-9a2e-3c8efcee2d70/vendor/laravel/framework/src/Illuminate/Support/Testing/Fakes/NotificationFake.php:312
/home/paulo/testes/d42eda76-a246-4461-9a2e-3c8efcee2d70/vendor/laravel/framework/src/Illuminate/Support/Facades/Facade.php:337
/home/paulo/testes/d42eda76-a246-4461-9a2e-3c8efcee2d70/tests/Exam/b_ModelTest.php:154</error>
        </testcase>
      </testsuite>
    </testsuite>
  </testsuite>
</testsuites>
